---
source: interactive-clap-derive/src/tests/test_simple_struct.rs
expression: pretty_codegen(&to_cli_args_codegen)
---
impl interactive_clap::ToCliArgs for CliAccount {
    fn to_cli_args(&self) -> std::collections::VecDeque<String> {
        let mut args = self
            .field_name
            .as_ref()
            .map(|subcommand| subcommand.to_cli_args())
            .unwrap_or_default();
        args
    }
}
